
Testing model: openrouter/free...
SUCCESS: openrouter/free responded in 6.13s
Content: OK.

Testing model: meta-llama/llama-3.1-8b-instruct:free...
FAILED: meta-llama/llama-3.1-8b-instruct:free - Error: Error code: 404 - {'error': {'message': 'No endpoints found for meta-llama/llama-3.1-8b-instruct:free.', 'code': 404}, 'user_id': 'user_3AaGo6N6zeSFr5ugP0OZrnJ9ih1'}

Testing model: google/gemini-flash-1.5-exp:free...
FAILED: google/gemini-flash-1.5-exp:free - Error: Error code: 404 - {'error': {'message': 'No endpoints found for google/gemini-flash-1.5-exp:free.', 'code': 404}, 'user_id': 'user_3AaGo6N6zeSFr5ugP0OZrnJ9ih1'}

Testing model: qwen/qwen-2-7b-instruct:free...
FAILED: qwen/qwen-2-7b-instruct:free - Error: Error code: 404 - {'error': {'message': 'No endpoints found for qwen/qwen-2-7b-instruct:free.', 'code': 404}, 'user_id': 'user_3AaGo6N6zeSFr5ugP0OZrnJ9ih1'}

Testing model: mistralai/mistral-7b-instruct:free...
FAILED: mistralai/mistral-7b-instruct:free - Error: Error code: 404 - {'error': {'message': 'No endpoints found for mistralai/mistral-7b-instruct:free.', 'code': 404}, 'user_id': 'user_3AaGo6N6zeSFr5ugP0OZrnJ9ih1'}
